Space létrehozva
A nyersanyaggal teli aszteroida hozzá lett adva a space-hez.
Sikeres volt a telepeshozzáadás
Sikeresen betettük a nyersanyagot a telepesbe
Sikeresen betettük a nyersanyagot a telepesbe
Sikeresen betettük a nyersanyagot a telepesbe
Sikeresen betettük a nyersanyagot a telepesbe
A telepes teleportkapukat épített.
Space
1
10
10
False
1
3
Asteroid
0
3
3
3
Iron
0
1
0
Settler
0
0
2
0
TpGate
1
set 0
2
False
TpGate
2
set 0
1
False