Space létrehozva
A nyersanyaggal teli aszteroida hozzá lett adva a space-hez.
Sikeres volt a telepeshozzáadás
Hozzáadtuk a teleportkapukat a célpontokhoz.
Sikeresen betettük a nyersanyagot a telepesbe
Sikeresen betettük a nyersanyagot a telepesbe
Sikeresen betettük a nyersanyagot a telepesbe
Sikeresen betettük a nyersanyagot a telepesbe
Nem sikerült a teleportkapu építés, mert nincs hely.
Space
1
10
10
False
1
1
Asteroid
0
3
3
3
Iron
0
1
0
Settler
0
0
0
0
Iron
Iron
Ice
Uran