Space létrehozva
A nyersanyaggal teli aszteroida hozzá lett adva a space-hez.
A nyersanyaggal teli aszteroida hozzá lett adva a space-hez.
Az adott aszteroida kérge a kapott értékre lett állítva.
Sikeres volt a telepeshozzáadás
Sikeres volt a telepeshozzáadás
A napközeli számláló eggyel csökkent.
A napközeli számláló eggyel csökkent.
Napközelbe került az aszteroida.
Az urán számlálója eggyel nőtt.
A napközeli számláló eggyel csökkent.
A napközeli számláló eggyel csökkent.
Napközelbe került az aszteroida.
Az urán számlálója eggyel nőtt.
A napközeli számláló eggyel csökkent.
A napközeli számláló eggyel csökkent.
Napközelbe került az aszteroida.
Az aszteroida felrobbant.
Space
1
10
10
True
1
1
Asteroid
0
3
3
3
Uran
0
0
1
0
Settler
0
0
0
0
