Space létrehozva
A nyersanyaggal teli aszteroida hozzá lett adva a space-hez.
A nyersanyaggal teli aszteroida hozzá lett adva a space-hez.
Sikeres volt a robothozzáadás
A kapott aszteroidák szomszédossá váltak
Az adott aszteroida kérge a kapott értékre lett állítva.
A napközeli számláló eggyel csökkent.
A napközeli számláló eggyel csökkent.
Napközelbe került az aszteroida.
Az urán számlálója eggyel nőtt.
A napközeli számláló eggyel csökkent.
A napközeli számláló eggyel csökkent.
Napközelbe került az aszteroida.
Az urán számlálója eggyel nőtt.
A napközeli számláló eggyel csökkent.
A napközeli számláló eggyel csökkent.
Napközelbe került az aszteroida.
Az aszteroida felrobbant.
Space
0
10
10
False
1
1
Asteroid
0
3
3
3
Iron
0
1
0
Robot
0
0