Space létrehozva
A nyersanyaggal teli aszteroida hozzá lett adva a space-hez.
A nyersanyaggal teli aszteroida hozzá lett adva a space-hez.
Sikeres volt a robothozzáadás
A kapott aszteroidák szomszédossá váltak.
Az adott aszteroida kérge a kapott értékre lett állítva.
Az actor egy szomszédos aszteroidára mozgott.
Space
0
10
10
False
2
1
Asteroid
0
3
3
0
Iron
1
ast 1
0
Asteroid
1
3
3
3
Iron
1
ast 0
1
0
Robot
0
1
