Space létrehozva
A nyersanyaggal teli aszteroida hozzá lett adva a space-hez.
A nyersanyaggal teli aszteroida hozzá lett adva a space-hez.
A kapott aszteroidák szomszédossá váltak.
Sikeres volt a ufóhozzáadás
Az actor egy szomszédos aszteroidára mozog
Space
0
10
10
False
2
1
Asteroid
0
3
3
3
Iron
1
ast 1
0
Asteroid
1
3
3
3
Iron
1
ast 0
1
0
Ufo
0
1
