Space létrehozva
A nyersanyaggal teli aszteroida hozzá lett adva a space-hez.
A nyersanyaggal teli aszteroida hozzá lett adva a space-hez.
Hozzáadtuk a teleportkapukat a célpontokhoz.
A TpGate nem csinál semmit.
Space
0
10
10
False
2
2
Asteroid
0
3
3
3
Iron
1
tp 0
1
0
Asteroid
1
3
3
3
Iron
1
tp 1
1
1
TpGate
0
ast 0
1
False
TpGate
1
ast 1
0
False
