Space létrehozva
A nyersanyaggal teli aszteroida hozzá lett adva a space-hez.
A nyersanyaggal teli aszteroida hozzá lett adva a space-hez.
A kapott aszteroidák szomszédossá váltak.
Hozzáadtuk a teleportkapukat a célpontokhoz.
A teleportkapu activated flag-jét átállítottuk.
Az actor egy szomszédos aszteroidára mozog.
Space
0
10
10
False
2
2
Asteroid
0
3
3
3
Iron
2
ast 1
tp 0
1
0
Asteroid
1
3
3
3
Iron
2
ast 0
tp 1
1
1
TpGate
0
ast 0
1
True
TpGate
1
ast 1
0
False