Space létrehozva
A nyersanyaggal teli aszteroida hozzá lett adva a space-hez.
Sikeres volt a telepeshozzáadás
Az adott aszteroida kérge a kapott értékre lett állítva.
Telepes bányászott.
A nyersanyag el lett tárolva
Space
1
10
10
False
1
1
Asteroid
0
3
3
0
0
1
0
Settler
0
0
0
1
Iron
